// Jest Snapshot v1, https://goo.gl/fbAQLP

exports[`the components renders the snapshot 1`] = `
<div
  className="MuiBox-root MuiBox-root-4 makeStyles-root-1"
>
  <div
    aria-haspopup="true"
    className="MuiAvatar-root MuiAvatar-circle makeStyles-large-2 MuiAvatar-colorDefault"
    onClick={[Function]}
    style={
      Object {
        "cursor": "pointer",
      }
    }
  >
    <svg
      aria-hidden={true}
      className="MuiSvgIcon-root MuiAvatar-fallback"
      focusable="false"
      viewBox="0 0 24 24"
    >
      <path
        d="M12 12c2.21 0 4-1.79 4-4s-1.79-4-4-4-4 1.79-4 4 1.79 4 4 4zm0 2c-2.67 0-8 1.34-8 4v2h16v-2c0-2.66-5.33-4-8-4z"
      />
    </svg>
  </div>
  <br />
  <div
    className="MuiBox-root MuiBox-root-5"
  />
</div>
`;
