// Jest Snapshot v1, https://goo.gl/fbAQLP

exports[`the components renders the snapshot 1`] = `ReactWrapper {}`;
