// Jest Snapshot v1, https://goo.gl/fbAQLP

exports[`the white button content snapshot the components 1`] = `
<button
  className="MuiButtonBase-root MuiButton-root WithStyles(ForwardRef(Button))-root-1 MuiButton-outlined MuiButton-outlinedSizeLarge MuiButton-sizeLarge"
  disabled={false}
  onBlur={[Function]}
  onDragLeave={[Function]}
  onFocus={[Function]}
  onKeyDown={[Function]}
  onKeyUp={[Function]}
  onMouseDown={[Function]}
  onMouseLeave={[Function]}
  onMouseUp={[Function]}
  onTouchEnd={[Function]}
  onTouchMove={[Function]}
  onTouchStart={[Function]}
  tabIndex={0}
  type="button"
>
  <span
    className="MuiButton-label"
  >
    <span
      className="MuiTypography-root MuiTypography-caption"
    />
  </span>
</button>
`;
