// Jest Snapshot v1, https://goo.gl/fbAQLP

exports[`the information on the banner snapshot the info on th banner 1`] = `
<div
  className="MuiBox-root MuiBox-root-7 makeStyles-root-1"
>
  <div
    className="MuiBox-root MuiBox-root-8 makeStyles-mainContainer-2"
  >
    <div
      className="MuiCardHeader-root"
    >
      <div
        className="MuiCardHeader-avatar"
      >
        <div
          className="MuiBox-root MuiBox-root-9"
        >
          <div
            className="MuiBox-root MuiBox-root-10"
            style={
              Object {
                "textAlign": "center",
              }
            }
          >
            <p
              className="MuiTypography-root MuiTypography-body1"
              data-testid="improve"
              style={
                Object {
                  "fontSize": "1.3rem",
                }
              }
            >
              Improve Your Skills
              <br />
              By Understanding Game Strategies
            </p>
            <br />
            <p
              className="MuiTypography-root makeStyles-subheader-3 MuiTypography-body1"
            >
              Learn to recognize key patterns and methods
              <br />
              to improve your speed and skill level
            </p>
            <br />
            <br />
            <br />
            <br />
          </div>
        </div>
      </div>
      <div
        className="MuiCardHeader-content"
      />
    </div>
    <div
      className="MuiCardHeader-root"
    >
      <div
        className="MuiCardHeader-content"
      />
      <div
        className="MuiCardHeader-action"
      >
        <div
          className="MuiBox-root MuiBox-root-11"
        >
          <a
            aria-disabled={false}
            className="MuiButtonBase-root MuiButton-root WithStyles(ForwardRef(Button))-root-12 MuiButton-text href MuiButton-textSizeLarge MuiButton-sizeLarge"
            href="/tutorial"
            onBlur={[Function]}
            onDragLeave={[Function]}
            onFocus={[Function]}
            onKeyDown={[Function]}
            onKeyUp={[Function]}
            onMouseDown={[Function]}
            onMouseLeave={[Function]}
            onMouseUp={[Function]}
            onTouchEnd={[Function]}
            onTouchMove={[Function]}
            onTouchStart={[Function]}
            tabIndex={0}
          >
            <span
              className="MuiButton-label"
            >
              <p
                className="MuiTypography-root title MuiTypography-body2"
              >
                Get Started Today
              </p>
            </span>
          </a>
        </div>
      </div>
    </div>
    <div
      className="MuiCardHeader-root"
    >
      <div
        className="MuiCardHeader-content"
      />
      <div
        className="MuiCardHeader-action"
      >
        <div
          className="MuiBox-root MuiBox-root-13 makeStyles-gameBoard-5"
        >
          <div
            className="MuiBox-root MuiBox-root-14 makeStyles-img-4"
          />
        </div>
      </div>
    </div>
  </div>
</div>
`;
